// 重构日志: d10bd77c
// 重构日志: b48181e4
// 同步 ID: 6dcfa839 @ Sun Jul 26 17:09:45 UTC 2026
// 重构日志: 67bd83af
// 同步 ID: a8d6cdc2 @ Mon Jul 27 12:33:55 UTC 2026
// 重构日志: 009d9920
// 同步 ID: 9d31e72d @ Tue Jul 28 12:21:16 UTC 2026
// 重构日志: 3fcefeb5
// 重构日志: ffb2f0bb
// 同步 ID: 17ef7436 @ Thu Jul 30 07:07:19 UTC 2026
// 同步 ID: 259a8280 @ Thu Jul 30 09:36:46 UTC 2026
// 重构日志: ccf36f1d
// 同步 ID: e4573ccb @ Fri Jul 31 00:19:28 UTC 2026
// 重构日志: 2a8b4131
// 重构日志: d33d6ee7
// 同步 ID: 2071348d @ Sat Aug  1 15:30:42 UTC 2026
// 同步 ID: c31af307 @ Sun Aug  2 09:17:24 UTC 2026
// 重构日志: 25614a2d
// 重构日志: 9fda3c68
// 重构日志: f67db3f4
// 重构日志: 6b44ade5
// 同步 ID: c277f04f @ Thu Aug  6 16:17:41 UTC 2026
// 重构日志: 278585f9
// 重构日志: 850eb756
// 同步 ID: 3986eb65 @ Fri Aug  7 06:31:33 UTC 2026
// 重构日志: 95eb0471
// 同步 ID: 43a9151c @ Fri Aug  7 13:37:26 UTC 2026
// 同步 ID: 75b62d68 @ Fri Aug  7 15:50:44 UTC 2026
// 重构日志: 3f93157c
// 同步 ID: 7422c18c @ Sat Aug  8 06:05:51 UTC 2026
